// Jest Snapshot v1, https://goo.gl/fbAQLP

exports[`<HomeRoute /> renders 1`] = `
<div>
  <HelmetWrapper
    encodeSpecialCharacters={true}
  >
    <title>
      Home
    </title>
  </HelmetWrapper>
  <h1>
    Hello, world!
  </h1>
</div>
`;
